13:57:07  Running with dbt=1.12.5
13:57:07  Registered adapter: duckdb=1.11.0
13:57:08  Found 29 models, 18 analyses, 244 data tests, 1 seed, 7 sources, 2 exposures, 623 macros
13:57:09  
13:57:09  Concurrency: 4 threads (target='dev')
13:57:09  
13:57:09  4 of 276 START sql view model bronze.brz_installments .......................... [RUN]
13:57:09  1 of 276 START sql view model bronze.brz_applications_cdc ...................... [RUN]
13:57:09  3 of 276 START sql view model bronze.brz_fx_rates .............................. [RUN]
13:57:09  2 of 276 START sql view model bronze.brz_customers ............................. [RUN]
13:57:09  2 of 276 OK created sql view model bronze.brz_customers ........................ [OK in 0.16s]
13:57:09  4 of 276 OK created sql view model bronze.brz_installments ..................... [OK in 0.16s]
13:57:09  3 of 276 OK created sql view model bronze.brz_fx_rates ......................... [OK in 0.16s]
13:57:09  1 of 276 OK created sql view model bronze.brz_applications_cdc ................. [OK in 0.17s]
13:57:09  5 of 276 START sql view model bronze.brz_loans ................................. [RUN]
13:57:09  6 of 276 START sql view model bronze.brz_merchants_history ..................... [RUN]
13:57:09  7 of 276 START sql view model bronze.brz_payments .............................. [RUN]
13:57:09  8 of 276 START seed file silver.city_canonical ................................. [RUN]
13:57:09  8 of 276 OK loaded seed file silver.city_canonical ............................. [INSERT 10 in 0.07s]
13:57:09  9 of 276 START test not_null_brz_customers_customer_id ......................... [RUN]
13:57:09  6 of 276 OK created sql view model bronze.brz_merchants_history ................ [OK in 0.14s]
13:57:09  7 of 276 OK created sql view model bronze.brz_payments ......................... [OK in 0.14s]
13:57:09  5 of 276 OK created sql view model bronze.brz_loans ............................ [OK in 0.15s]
13:57:09  10 of 276 START test not_null_brz_installments_installment_number .............. [RUN]
13:57:09  11 of 276 START test not_null_brz_installments_loan_id ......................... [RUN]
13:57:09  12 of 276 START test not_null_brz_fx_rates_currency ............................ [RUN]
13:57:09  9 of 276 PASS not_null_brz_customers_customer_id ............................... [PASS in 0.13s]
13:57:09  13 of 276 START test not_null_brz_fx_rates_rate_date ........................... [RUN]
13:57:09  10 of 276 PASS not_null_brz_installments_installment_number .................... [PASS in 0.10s]
13:57:09  14 of 276 START test not_null_brz_applications_cdc_application_id .............. [RUN]
13:57:09  11 of 276 PASS not_null_brz_installments_loan_id ............................... [PASS in 0.12s]
13:57:09  15 of 276 START test not_null_city_canonical_city_key .......................... [RUN]
13:57:09  12 of 276 PASS not_null_brz_fx_rates_currency .................................. [PASS in 0.13s]
13:57:09  16 of 276 START test not_null_city_canonical_city_name ......................... [RUN]
13:57:09  13 of 276 PASS not_null_brz_fx_rates_rate_date ................................. [PASS in 0.10s]
13:57:09  17 of 276 START test unique_city_canonical_city_key ............................ [RUN]
13:57:09  15 of 276 PASS not_null_city_canonical_city_key ................................ [PASS in 0.07s]
13:57:09  18 of 276 START test not_null_brz_merchants_history_merchant_id ................ [RUN]
13:57:09  16 of 276 PASS not_null_city_canonical_city_name ............................... [PASS in 0.07s]
13:57:09  19 of 276 START test not_null_brz_merchants_history_valid_from ................. [RUN]
13:57:09  17 of 276 PASS unique_city_canonical_city_key .................................. [PASS in 0.08s]
13:57:09  20 of 276 START test not_null_brz_payments_payment_id .......................... [RUN]
13:57:09  14 of 276 PASS not_null_brz_applications_cdc_application_id .................... [PASS in 0.17s]
13:57:09  21 of 276 START test not_null_brz_loans_loan_id ................................ [RUN]
13:57:09  18 of 276 PASS not_null_brz_merchants_history_merchant_id ...................... [PASS in 0.11s]
13:57:09  19 of 276 PASS not_null_brz_merchants_history_valid_from ....................... [PASS in 0.10s]
13:57:09  22 of 276 START sql view model silver.stg_customers ............................ [RUN]
13:57:09  23 of 276 START sql view model silver.stg_installments ......................... [RUN]
13:57:09  20 of 276 PASS not_null_brz_payments_payment_id ................................ [PASS in 0.12s]
13:57:09  24 of 276 START sql view model silver.stg_fx_rates ............................. [RUN]
13:57:09  21 of 276 PASS not_null_brz_loans_loan_id ...................................... [PASS in 0.10s]
13:57:09  25 of 276 START sql view model silver.stg_applications_cdc ..................... [RUN]
13:57:09  23 of 276 OK created sql view model silver.stg_installments .................... [OK in 0.08s]
13:57:09  26 of 276 START sql view model silver.stg_merchants_history .................... [RUN]
13:57:10  22 of 276 OK created sql view model silver.stg_customers ....................... [OK in 0.14s]
13:57:10  27 of 276 START sql view model silver.stg_payments ............................. [RUN]
13:57:10  24 of 276 OK created sql view model silver.stg_fx_rates ........................ [OK in 0.11s]
13:57:10  28 of 276 START sql view model silver.stg_loans ................................ [RUN]
13:57:10  25 of 276 OK created sql view model silver.stg_applications_cdc ................ [OK in 0.13s]
13:57:10  29 of 276 START test dbt_utils_accepted_range_stg_installments_amount_due__False__0  [RUN]
13:57:10  26 of 276 OK created sql view model silver.stg_merchants_history ............... [OK in 0.10s]
13:57:10  30 of 276 START test dbt_utils_unique_combination_of_columns_stg_installments_loan_id__installment_number  [RUN]
13:57:10  27 of 276 OK created sql view model silver.stg_payments ........................ [OK in 0.10s]
13:57:10  28 of 276 OK created sql view model silver.stg_loans ........................... [OK in 0.09s]
13:57:10  31 of 276 START test not_null_stg_installments_due_date ........................ [RUN]
13:57:10  32 of 276 START test accepted_values_stg_customers_country__CO__BR ............. [RUN]
13:57:10  29 of 276 PASS dbt_utils_accepted_range_stg_installments_amount_due__False__0 .. [PASS in 0.12s]
13:57:10  33 of 276 START test dbt_utils_accepted_range_stg_customers_birth_year__2010__1901  [RUN]
13:57:10  30 of 276 PASS dbt_utils_unique_combination_of_columns_stg_installments_loan_id__installment_number  [PASS in 0.15s]
13:57:10  34 of 276 START test dbt_utils_accepted_range_stg_customers_monthly_income__0 .. [RUN]
13:57:10  31 of 276 PASS not_null_stg_installments_due_date .............................. [PASS in 0.11s]
13:57:10  35 of 276 START test not_null_stg_customers_customer_id ........................ [RUN]
13:57:10  32 of 276 PASS accepted_values_stg_customers_country__CO__BR ................... [PASS in 0.14s]
13:57:10  36 of 276 START test not_null_stg_customers_document_number .................... [RUN]
13:57:10  33 of 276 PASS dbt_utils_accepted_range_stg_customers_birth_year__2010__1901 ... [PASS in 0.11s]
13:57:10  37 of 276 START test unique_stg_customers_customer_id .......................... [RUN]
13:57:10  34 of 276 PASS dbt_utils_accepted_range_stg_customers_monthly_income__0 ........ [PASS in 0.10s]
13:57:10  38 of 276 START test accepted_values_stg_fx_rates_currency__COP__BRL ........... [RUN]
13:57:10  35 of 276 PASS not_null_stg_customers_customer_id .............................. [PASS in 0.11s]
13:57:10  39 of 276 START test dbt_utils_accepted_range_stg_fx_rates_units_per_usd__False__0  [RUN]
13:57:10  36 of 276 PASS not_null_stg_customers_document_number .......................... [PASS in 0.11s]
13:57:10  40 of 276 START test dbt_utils_unique_combination_of_columns_stg_fx_rates_rate_date__currency  [RUN]
13:57:10  38 of 276 PASS accepted_values_stg_fx_rates_currency__COP__BRL ................. [PASS in 0.09s]
13:57:10  41 of 276 START test accepted_values_stg_applications_cdc_cdc_op__I__U__D ...... [RUN]
13:57:10  39 of 276 PASS dbt_utils_accepted_range_stg_fx_rates_units_per_usd__False__0 ... [PASS in 0.09s]
13:57:10  42 of 276 START test accepted_values_stg_applications_cdc_currency__COP__BRL ... [RUN]
13:57:10  40 of 276 PASS dbt_utils_unique_combination_of_columns_stg_fx_rates_rate_date__currency  [PASS in 0.10s]
13:57:10  43 of 276 START test accepted_values_stg_applications_cdc_status__CREATED__APPROVED__REJECTED  [RUN]
13:57:10  37 of 276 PASS unique_stg_customers_customer_id ................................ [PASS in 0.22s]
13:57:10  44 of 276 START test dbt_utils_accepted_range_stg_applications_cdc_requested_amount__False__0  [RUN]
13:57:10  41 of 276 PASS accepted_values_stg_applications_cdc_cdc_op__I__U__D ............ [PASS in 0.15s]
13:57:10  45 of 276 START test dbt_utils_expression_is_true_stg_applications_cdc_approved_amount_is_null_or_approved_amount_requested_amount  [RUN]
13:57:10  42 of 276 PASS accepted_values_stg_applications_cdc_currency__COP__BRL ......... [PASS in 0.16s]
13:57:10  46 of 276 START test dbt_utils_expression_is_true_stg_applications_cdc_status_APPROVED_or_approved_amount_is_not_null  [RUN]
13:57:10  43 of 276 PASS accepted_values_stg_applications_cdc_status__CREATED__APPROVED__REJECTED  [PASS in 0.16s]
13:57:10  47 of 276 START test not_null_stg_applications_cdc_application_id .............. [RUN]
13:57:10  44 of 276 PASS dbt_utils_accepted_range_stg_applications_cdc_requested_amount__False__0  [PASS in 0.16s]
13:57:10  48 of 276 START test not_null_stg_applications_cdc_event_at_utc ................ [RUN]
13:57:10  45 of 276 PASS dbt_utils_expression_is_true_stg_applications_cdc_approved_amount_is_null_or_approved_amount_requested_amount  [PASS in 0.19s]
13:57:10  49 of 276 START test not_null_stg_applications_cdc_ingested_at_utc ............. [RUN]
13:57:10  46 of 276 PASS dbt_utils_expression_is_true_stg_applications_cdc_status_APPROVED_or_approved_amount_is_not_null  [PASS in 0.17s]
13:57:10  50 of 276 START test accepted_values_stg_merchants_history_category__HOME__HEALTH__FASHION__ELECTRONICS__MOTORCYCLES__EDUCATION__TRAVEL  [RUN]
13:57:10  47 of 276 PASS not_null_stg_applications_cdc_application_id .................... [PASS in 0.17s]
13:57:10  51 of 276 START test accepted_values_stg_merchants_history_country__CO__BR ..... [RUN]
13:57:10  48 of 276 PASS not_null_stg_applications_cdc_event_at_utc ...................... [PASS in 0.20s]
13:57:10  52 of 276 START test dbt_utils_unique_combination_of_columns_stg_merchants_history_merchant_id__valid_from  [RUN]
13:57:10  50 of 276 PASS accepted_values_stg_merchants_history_category__HOME__HEALTH__FASHION__ELECTRONICS__MOTORCYCLES__EDUCATION__TRAVEL  [PASS in 0.10s]
13:57:10  53 of 276 START test not_null_stg_merchants_history_valid_from ................. [RUN]
13:57:10  51 of 276 PASS accepted_values_stg_merchants_history_country__CO__BR ........... [PASS in 0.11s]
13:57:10  54 of 276 START test accepted_values_stg_payments_payment_method__PSE__CARD__CASH__TRANSFER  [RUN]
13:57:10  49 of 276 PASS not_null_stg_applications_cdc_ingested_at_utc ................... [PASS in 0.21s]
13:57:10  55 of 276 START test accepted_values_stg_payments_source_system__legacy_v1__core_v2  [RUN]
13:57:11  53 of 276 PASS not_null_stg_merchants_history_valid_from ....................... [PASS in 0.12s]
13:57:11  52 of 276 PASS dbt_utils_unique_combination_of_columns_stg_merchants_history_merchant_id__valid_from  [PASS in 0.14s]
13:57:11  56 of 276 START test accepted_values_stg_payments_status__SETTLED__REVERSED .... [RUN]
13:57:11  57 of 276 START test assert_payment_sources_respect_cutover .................... [RUN]
13:57:11  54 of 276 PASS accepted_values_stg_payments_payment_method__PSE__CARD__CASH__TRANSFER  [PASS in 0.14s]
13:57:11  58 of 276 START test dbt_utils_expression_is_true_stg_payments__status_SETTLED_and_amount_0_or_status_REVERSED_and_amount_0_  [RUN]
13:57:11  55 of 276 PASS accepted_values_stg_payments_source_system__legacy_v1__core_v2 .. [PASS in 0.13s]
13:57:11  59 of 276 START test dbt_utils_expression_is_true_stg_payments_status_REVERSED_or_reversed_payment_id_is_not_null  [RUN]
13:57:11  56 of 276 PASS accepted_values_stg_payments_status__SETTLED__REVERSED .......... [PASS in 0.14s]
13:57:11  60 of 276 START test not_null_stg_payments_loan_id ............................. [RUN]
13:57:11  59 of 276 PASS dbt_utils_expression_is_true_stg_payments_status_REVERSED_or_reversed_payment_id_is_not_null  [PASS in 0.13s]
13:57:11  61 of 276 START test not_null_stg_payments_paid_at_utc ......................... [RUN]
13:57:11  60 of 276 PASS not_null_stg_payments_loan_id ................................... [PASS in 0.13s]
13:57:11  62 of 276 START test not_null_stg_payments_payment_id .......................... [RUN]
13:57:11  57 of 276 PASS assert_payment_sources_respect_cutover .......................... [PASS in 0.31s]
13:57:11  63 of 276 START test unique_stg_payments_payment_id ............................ [RUN]
13:57:11  58 of 276 PASS dbt_utils_expression_is_true_stg_payments__status_SETTLED_and_amount_0_or_status_REVERSED_and_amount_0_  [PASS in 0.28s]
13:57:11  64 of 276 START test accepted_values_stg_loans_currency__COP__BRL .............. [RUN]
13:57:11  61 of 276 PASS not_null_stg_payments_paid_at_utc ............................... [PASS in 0.15s]
13:57:11  65 of 276 START test accepted_values_stg_loans_status__DISBURSED ............... [RUN]
13:57:11  62 of 276 PASS not_null_stg_payments_payment_id ................................ [PASS in 0.14s]
13:57:11  66 of 276 START test accepted_values_stg_loans_term_months__False__3__4__6__12 . [RUN]
13:57:11  64 of 276 PASS accepted_values_stg_loans_currency__COP__BRL .................... [PASS in 0.11s]
13:57:11  67 of 276 START test dbt_utils_accepted_range_stg_loans_apr__1__0 .............. [RUN]
13:57:11  65 of 276 PASS accepted_values_stg_loans_status__DISBURSED ..................... [PASS in 0.11s]
13:57:11  68 of 276 START test dbt_utils_accepted_range_stg_loans_principal__False__0 .... [RUN]
13:57:11  66 of 276 PASS accepted_values_stg_loans_term_months__False__3__4__6__12 ....... [PASS in 0.10s]
13:57:11  69 of 276 START test not_null_stg_loans_application_id ......................... [RUN]
13:57:11  67 of 276 PASS dbt_utils_accepted_range_stg_loans_apr__1__0 .................... [PASS in 0.10s]
13:57:11  70 of 276 START test not_null_stg_loans_disbursed_at_utc ....................... [RUN]
13:57:11  68 of 276 PASS dbt_utils_accepted_range_stg_loans_principal__False__0 .......... [PASS in 0.10s]
13:57:11  71 of 276 START test not_null_stg_loans_loan_id ................................ [RUN]
13:57:11  63 of 276 PASS unique_stg_payments_payment_id .................................. [PASS in 0.30s]
13:57:11  72 of 276 START test unique_stg_loans_loan_id .................................. [RUN]
13:57:11  69 of 276 PASS not_null_stg_loans_application_id ............................... [PASS in 0.12s]
13:57:11  73 of 276 START sql table model silver.int_fx_daily ............................ [RUN]
13:57:11  70 of 276 PASS not_null_stg_loans_disbursed_at_utc ............................. [PASS in 0.14s]
13:57:11  74 of 276 START sql table model silver.dim_customer ............................ [RUN]
13:57:11  71 of 276 PASS not_null_stg_loans_loan_id ...................................... [PASS in 0.12s]
13:57:11  75 of 276 START sql table model silver.int_application_events .................. [RUN]
13:57:11  73 of 276 OK created sql table model silver.int_fx_daily ....................... [OK in 0.13s]
13:57:11  76 of 276 START sql table model silver.dim_merchant ............................ [RUN]
13:57:11  72 of 276 PASS unique_stg_loans_loan_id ........................................ [PASS in 0.16s]
13:57:11  77 of 276 START test accepted_values_int_fx_daily_currency__COP__BRL ........... [RUN]
13:57:11  77 of 276 PASS accepted_values_int_fx_daily_currency__COP__BRL ................. [PASS in 0.03s]
13:57:11  78 of 276 START test assert_fx_daily_calendar_is_complete ...................... [RUN]
13:57:12  76 of 276 OK created sql table model silver.dim_merchant ....................... [OK in 0.28s]
13:57:12  79 of 276 START test dbt_utils_accepted_range_int_fx_daily_days_stale__5__0 .... [RUN]
13:57:12  78 of 276 PASS assert_fx_daily_calendar_is_complete ............................ [PASS in 0.28s]
13:57:12  80 of 276 START test dbt_utils_accepted_range_int_fx_daily_units_per_usd__False__0  [RUN]
13:57:12  74 of 276 OK created sql table model silver.dim_customer ....................... [OK in 0.42s]
13:57:12  81 of 276 START test dbt_utils_expression_is_true_int_fx_daily_not_is_published_or_days_stale_0  [RUN]
13:57:12  79 of 276 PASS dbt_utils_accepted_range_int_fx_daily_days_stale__5__0 .......... [PASS in 0.11s]
13:57:12  82 of 276 START test dbt_utils_expression_is_true_int_fx_daily_rate_source_date_rate_date  [RUN]
13:57:12  80 of 276 PASS dbt_utils_accepted_range_int_fx_daily_units_per_usd__False__0 ... [PASS in 0.10s]
13:57:12  83 of 276 START test dbt_utils_unique_combination_of_columns_int_fx_daily_rate_date__currency  [RUN]
13:57:12  81 of 276 PASS dbt_utils_expression_is_true_int_fx_daily_not_is_published_or_days_stale_0  [PASS in 0.12s]
13:57:12  84 of 276 START test not_null_int_fx_daily_rate_source_date .................... [RUN]
13:57:12  75 of 276 OK created sql table model silver.int_application_events ............. [OK in 0.72s]
13:57:12  85 of 276 START test not_null_int_fx_daily_units_per_usd ....................... [RUN]
13:57:12  83 of 276 PASS dbt_utils_unique_combination_of_columns_int_fx_daily_rate_date__currency  [PASS in 0.27s]
13:57:12  82 of 276 PASS dbt_utils_expression_is_true_int_fx_daily_rate_source_date_rate_date  [PASS in 0.30s]
13:57:12  86 of 276 START test accepted_values_dim_merchant_category__HOME__HEALTH__FASHION__ELECTRONICS__MOTORCYCLES__EDUCATION__TRAVEL__UNKNOWN  [RUN]
13:57:12  87 of 276 START test accepted_values_dim_merchant_category_imputation__CARRIED_FORWARD__UNKNOWN  [RUN]
13:57:12  84 of 276 PASS not_null_int_fx_daily_rate_source_date .......................... [PASS in 0.26s]
13:57:12  88 of 276 START test accepted_values_dim_merchant_country__CO__BR .............. [RUN]
13:57:12  85 of 276 PASS not_null_int_fx_daily_units_per_usd ............................. [PASS in 0.09s]
13:57:12  89 of 276 START test assert_dim_merchant_no_overlapping_versions ............... [RUN]
13:57:12  86 of 276 PASS accepted_values_dim_merchant_category__HOME__HEALTH__FASHION__ELECTRONICS__MOTORCYCLES__EDUCATION__TRAVEL__UNKNOWN  [PASS in 0.09s]
13:57:12  87 of 276 PASS accepted_values_dim_merchant_category_imputation__CARRIED_FORWARD__UNKNOWN  [PASS in 0.09s]
13:57:12  90 of 276 START test assert_dim_merchant_one_current_version ................... [RUN]
13:57:12  91 of 276 START test dbt_utils_expression_is_true_dim_merchant__category_source_is_null_category_imputation_is_not_null_  [RUN]
13:57:12  88 of 276 PASS accepted_values_dim_merchant_country__CO__BR .................... [PASS in 0.07s]
13:57:12  92 of 276 START test dbt_utils_expression_is_true_dim_merchant_is_current_version_number_n_versions_  [RUN]
13:57:12  89 of 276 PASS assert_dim_merchant_no_overlapping_versions ..................... [PASS in 0.09s]
13:57:12  93 of 276 START test dbt_utils_expression_is_true_dim_merchant_valid_to_is_null_or_valid_to_valid_from  [RUN]
13:57:12  91 of 276 PASS dbt_utils_expression_is_true_dim_merchant__category_source_is_null_category_imputation_is_not_null_  [PASS in 0.10s]
13:57:12  90 of 276 PASS assert_dim_merchant_one_current_version ......................... [PASS in 0.10s]
13:57:12  94 of 276 START test dbt_utils_unique_combination_of_columns_dim_merchant_merchant_id__valid_from  [RUN]
13:57:12  95 of 276 START test not_null_dim_merchant_category ............................ [RUN]
13:57:12  92 of 276 PASS dbt_utils_expression_is_true_dim_merchant_is_current_version_number_n_versions_  [PASS in 0.09s]
13:57:12  96 of 276 START test not_null_dim_merchant_is_current .......................... [RUN]
13:57:12  93 of 276 PASS dbt_utils_expression_is_true_dim_merchant_valid_to_is_null_or_valid_to_valid_from  [PASS in 0.09s]
13:57:12  97 of 276 START test not_null_dim_merchant_merchant_id ......................... [RUN]
13:57:12  95 of 276 PASS not_null_dim_merchant_category .................................. [PASS in 0.09s]
13:57:12  96 of 276 PASS not_null_dim_merchant_is_current ................................ [PASS in 0.07s]
13:57:12  94 of 276 PASS dbt_utils_unique_combination_of_columns_dim_merchant_merchant_id__valid_from  [PASS in 0.09s]
13:57:12  98 of 276 START test not_null_dim_merchant_merchant_sk ......................... [RUN]
13:57:12  99 of 276 START test not_null_dim_merchant_valid_from .......................... [RUN]
13:57:12  100 of 276 START test unique_dim_merchant_merchant_sk .......................... [RUN]
13:57:12  97 of 276 PASS not_null_dim_merchant_merchant_id ............................... [PASS in 0.09s]
13:57:12  101 of 276 START test accepted_values_dim_customer_country__CO__BR ............. [RUN]
13:57:12  98 of 276 PASS not_null_dim_merchant_merchant_sk ............................... [PASS in 0.08s]
13:57:12  102 of 276 START test dbt_utils_accepted_range_dim_customer_n_customer_ids__1 .. [RUN]
13:57:12  99 of 276 PASS not_null_dim_merchant_valid_from ................................ [PASS in 0.09s]
13:57:12  100 of 276 PASS unique_dim_merchant_merchant_sk ................................ [PASS in 0.10s]
13:57:12  103 of 276 START test dbt_utils_expression_is_true_dim_customer_first_created_date_last_created_date  [RUN]
13:57:12  104 of 276 START test dbt_utils_expression_is_true_dim_customer_has_duplicate_ids_n_customer_ids_1_  [RUN]
13:57:12  101 of 276 PASS accepted_values_dim_customer_country__CO__BR ................... [PASS in 0.09s]
13:57:12  105 of 276 START test not_null_dim_customer_document_number .................... [RUN]
13:57:12  102 of 276 PASS dbt_utils_accepted_range_dim_customer_n_customer_ids__1 ........ [PASS in 0.10s]
13:57:12  106 of 276 START test not_null_dim_customer_person_sk .......................... [RUN]
13:57:12  103 of 276 PASS dbt_utils_expression_is_true_dim_customer_first_created_date_last_created_date  [PASS in 0.09s]
13:57:12  107 of 276 START test relationships_dim_customer_city_key__city_key__ref_city_canonical_  [RUN]
13:57:13  104 of 276 PASS dbt_utils_expression_is_true_dim_customer_has_duplicate_ids_n_customer_ids_1_  [PASS in 0.11s]
13:57:13  108 of 276 START test relationships_dim_customer_latest_customer_id__customer_id__ref_stg_customers_  [RUN]
13:57:13  105 of 276 PASS not_null_dim_customer_document_number .......................... [PASS in 0.10s]
13:57:13  109 of 276 START test unique_dim_customer_document_number ...................... [RUN]
13:57:13  106 of 276 PASS not_null_dim_customer_person_sk ................................ [PASS in 0.09s]
13:57:13  110 of 276 START test unique_dim_customer_latest_customer_id ................... [RUN]
13:57:13  107 of 276 PASS relationships_dim_customer_city_key__city_key__ref_city_canonical_  [PASS in 0.10s]
13:57:13  111 of 276 START test unique_dim_customer_person_sk ............................ [RUN]
13:57:13  109 of 276 PASS unique_dim_customer_document_number ............................ [PASS in 0.08s]
13:57:13  112 of 276 START test dbt_utils_expression_is_true_int_application_events_rn_event_desc_1_and_rn_ingest_desc_1_and_rn_event_asc_1  [RUN]
13:57:13  110 of 276 PASS unique_dim_customer_latest_customer_id ......................... [PASS in 0.08s]
13:57:13  111 of 276 PASS unique_dim_customer_person_sk .................................. [PASS in 0.07s]
13:57:13  112 of 276 PASS dbt_utils_expression_is_true_int_application_events_rn_event_desc_1_and_rn_ingest_desc_1_and_rn_event_asc_1  [PASS in 0.05s]
13:57:13  113 of 276 START sql table model silver.fct_application ........................ [RUN]
13:57:13  108 of 276 PASS relationships_dim_customer_latest_customer_id__customer_id__ref_stg_customers_  [PASS in 0.19s]
13:57:13  114 of 276 START sql table model silver.bridge_customer_person ................. [RUN]
13:57:13  113 of 276 OK created sql table model silver.fct_application ................... [OK in 0.12s]
13:57:13  115 of 276 START test accepted_values_fct_application_currency__COP__BRL ....... [RUN]
13:57:13  116 of 276 START test accepted_values_fct_application_final_status__CREATED__APPROVED__REJECTED  [RUN]
13:57:13  117 of 276 START test assert_deleted_applications_have_no_loans ................ [RUN]
13:57:13  115 of 276 PASS accepted_values_fct_application_currency__COP__BRL ............. [PASS in 0.07s]
13:57:13  118 of 276 START test assert_every_application_matches_one_merchant_version .... [RUN]
13:57:13  116 of 276 PASS accepted_values_fct_application_final_status__CREATED__APPROVED__REJECTED  [PASS in 0.08s]
13:57:13  119 of 276 START test dbt_utils_accepted_range_fct_application_n_events__1 ..... [RUN]
13:57:13  114 of 276 OK created sql table model silver.bridge_customer_person ............ [OK in 0.21s]
13:57:13  120 of 276 START test dbt_utils_expression_is_true_fct_application_decided_at_utc_is_null_or_decided_at_utc_created_at_utc  [RUN]
13:57:13  118 of 276 PASS assert_every_application_matches_one_merchant_version .......... [PASS in 0.09s]
13:57:13  117 of 276 PASS assert_deleted_applications_have_no_loans ...................... [PASS in 0.17s]
13:57:13  121 of 276 START test dbt_utils_expression_is_true_fct_application_not_is_approved_or_approved_amount_is_not_null_and_approved_amount_requested_amount_  [RUN]
13:57:13  122 of 276 START test dbt_utils_expression_is_true_fct_application_not_is_deleted_and_is_valid_  [RUN]
13:57:13  119 of 276 PASS dbt_utils_accepted_range_fct_application_n_events__1 ........... [PASS in 0.09s]
13:57:13  123 of 276 START test dbt_utils_expression_is_true_fct_application_not_is_valid_or_customer_id_is_not_null  [RUN]
13:57:13  120 of 276 PASS dbt_utils_expression_is_true_fct_application_decided_at_utc_is_null_or_decided_at_utc_created_at_utc  [PASS in 0.11s]
13:57:13  124 of 276 START test dbt_utils_expression_is_true_fct_application_not_is_valid_or_final_status_in_APPROVED_REJECTED_  [RUN]
13:57:13  122 of 276 PASS dbt_utils_expression_is_true_fct_application_not_is_deleted_and_is_valid_  [PASS in 0.11s]
13:57:13  121 of 276 PASS dbt_utils_expression_is_true_fct_application_not_is_approved_or_approved_amount_is_not_null_and_approved_amount_requested_amount_  [PASS in 0.11s]
13:57:13  125 of 276 START test not_null_fct_application_application_id .................. [RUN]
13:57:13  126 of 276 START test not_null_fct_application_created_date .................... [RUN]
13:57:13  123 of 276 WARN 3 dbt_utils_expression_is_true_fct_application_not_is_valid_or_customer_id_is_not_null  [WARN 3 in 0.09s]
13:57:13  127 of 276 START test not_null_fct_application_merchant_id ..................... [RUN]
13:57:13  124 of 276 PASS dbt_utils_expression_is_true_fct_application_not_is_valid_or_final_status_in_APPROVED_REJECTED_  [PASS in 0.10s]
13:57:13  128 of 276 START test relationships_fct_application_customer_id__customer_id__ref_stg_customers_  [RUN]
13:57:13  125 of 276 PASS not_null_fct_application_application_id ........................ [PASS in 0.11s]
13:57:13  129 of 276 START test relationships_fct_application_merchant_id__merchant_id__ref_stg_merchants_history_  [RUN]
13:57:13  126 of 276 PASS not_null_fct_application_created_date .......................... [PASS in 0.11s]
13:57:13  130 of 276 START test unique_fct_application_application_id .................... [RUN]
13:57:13  127 of 276 PASS not_null_fct_application_merchant_id ........................... [PASS in 0.11s]
13:57:13  131 of 276 START test assert_bridge_covers_every_customer_id ................... [RUN]
13:57:13  130 of 276 PASS unique_fct_application_application_id .......................... [PASS in 0.06s]
13:57:13  132 of 276 START test assert_person_counts_reconcile ........................... [RUN]
13:57:13  129 of 276 PASS relationships_fct_application_merchant_id__merchant_id__ref_stg_merchants_history_  [PASS in 0.13s]
13:57:13  133 of 276 START test not_null_bridge_customer_person_customer_id .............. [RUN]
13:57:13  128 of 276 PASS relationships_fct_application_customer_id__customer_id__ref_stg_customers_  [PASS in 0.23s]
13:57:13  134 of 276 START test not_null_bridge_customer_person_person_sk ................ [RUN]
13:57:13  133 of 276 PASS not_null_bridge_customer_person_customer_id .................... [PASS in 0.07s]
13:57:13  135 of 276 START test relationships_bridge_customer_person_customer_id__customer_id__ref_stg_customers_  [RUN]
13:57:13  134 of 276 PASS not_null_bridge_customer_person_person_sk ...................... [PASS in 0.07s]
13:57:13  136 of 276 START test relationships_bridge_customer_person_person_sk__person_sk__ref_dim_customer_  [RUN]
13:57:14  132 of 276 PASS assert_person_counts_reconcile ................................. [PASS in 0.22s]
13:57:14  137 of 276 START test unique_bridge_customer_person_customer_id ................ [RUN]
13:57:14  136 of 276 PASS relationships_bridge_customer_person_person_sk__person_sk__ref_dim_customer_  [PASS in 0.09s]
13:57:14  138 of 276 START sql table model silver.int_loan_validated ..................... [RUN]
13:57:14  131 of 276 PASS assert_bridge_covers_every_customer_id ......................... [PASS in 0.33s]
13:57:14  137 of 276 PASS unique_bridge_customer_person_customer_id ...................... [PASS in 0.07s]
13:57:14  135 of 276 PASS relationships_bridge_customer_person_customer_id__customer_id__ref_stg_customers_  [PASS in 0.21s]
13:57:14  138 of 276 OK created sql table model silver.int_loan_validated ................ [OK in 0.15s]
13:57:14  140 of 276 START test assert_loan_agrees_with_application ...................... [RUN]
13:57:14  139 of 276 START test accepted_values_int_loan_validated_exclusion_reason__NO_APPLICATION__APPLICATION_DELETED__APPLICATION_NOT_APPROVED  [RUN]
13:57:14  141 of 276 START test dbt_utils_expression_is_true_int_loan_validated_is_valid_exclusion_reason_is_null_  [RUN]
13:57:14  142 of 276 START test not_null_int_loan_validated_loan_id ...................... [RUN]
13:57:14  140 of 276 PASS assert_loan_agrees_with_application ............................ [PASS in 0.11s]
13:57:14  141 of 276 PASS dbt_utils_expression_is_true_int_loan_validated_is_valid_exclusion_reason_is_null_  [PASS in 0.11s]
13:57:14  143 of 276 START test unique_int_loan_validated_loan_id ........................ [RUN]
13:57:14  139 of 276 PASS accepted_values_int_loan_validated_exclusion_reason__NO_APPLICATION__APPLICATION_DELETED__APPLICATION_NOT_APPROVED  [PASS in 0.12s]
13:57:14  142 of 276 PASS not_null_int_loan_validated_loan_id ............................ [PASS in 0.12s]
13:57:14  143 of 276 PASS unique_int_loan_validated_loan_id .............................. [PASS in 0.03s]
13:57:14  144 of 276 START sql table model silver.fct_loan ............................... [RUN]
13:57:14  145 of 276 START sql table model silver.int_payment_classified ................. [RUN]
13:57:14  144 of 276 OK created sql table model silver.fct_loan .......................... [OK in 0.21s]
13:57:14  146 of 276 START test accepted_values_fct_loan_currency__COP__BRL .............. [RUN]
13:57:14  147 of 276 START test dbt_utils_accepted_range_fct_loan_fx_days_stale__5__0 .... [RUN]
13:57:14  148 of 276 START test dbt_utils_accepted_range_fct_loan_principal_usd__False__0  [RUN]
13:57:14  146 of 276 PASS accepted_values_fct_loan_currency__COP__BRL .................... [PASS in 0.09s]
13:57:14  149 of 276 START test dbt_utils_expression_is_true_fct_loan_disbursed_date_application_created_date  [RUN]
13:57:14  147 of 276 PASS dbt_utils_accepted_range_fct_loan_fx_days_stale__5__0 .......... [PASS in 0.10s]
13:57:14  150 of 276 START test dbt_utils_expression_is_true_fct_loan_first_due_date_disbursed_date  [RUN]
13:57:14  148 of 276 PASS dbt_utils_accepted_range_fct_loan_principal_usd__False__0 ...... [PASS in 0.11s]
13:57:14  151 of 276 START test dbt_utils_expression_is_true_fct_loan_n_installments_term_months  [RUN]
13:57:14  149 of 276 PASS dbt_utils_expression_is_true_fct_loan_disbursed_date_application_created_date  [PASS in 0.15s]
13:57:14  151 of 276 PASS dbt_utils_expression_is_true_fct_loan_n_installments_term_months  [PASS in 0.11s]
13:57:14  152 of 276 START test dbt_utils_expression_is_true_fct_loan_principal_approved_amount  [RUN]
13:57:14  150 of 276 PASS dbt_utils_expression_is_true_fct_loan_first_due_date_disbursed_date  [PASS in 0.14s]
13:57:14  153 of 276 START test dbt_utils_expression_is_true_fct_loan_total_amount_due_principal  [RUN]
13:57:14  154 of 276 START test not_null_fct_loan_application_id ......................... [RUN]
13:57:15  145 of 276 OK created sql table model silver.int_payment_classified ............ [OK in 0.78s]
13:57:15  155 of 276 START test not_null_fct_loan_customer_id ............................ [RUN]
13:57:15  154 of 276 PASS not_null_fct_loan_application_id ............................... [PASS in 0.34s]
13:57:15  152 of 276 PASS dbt_utils_expression_is_true_fct_loan_principal_approved_amount  [PASS in 0.36s]
13:57:15  153 of 276 PASS dbt_utils_expression_is_true_fct_loan_total_amount_due_principal  [PASS in 0.36s]
13:57:15  156 of 276 START test not_null_fct_loan_disbursed_date ......................... [RUN]
13:57:15  157 of 276 START test not_null_fct_loan_fx_units_per_usd ....................... [RUN]
13:57:15  158 of 276 START test not_null_fct_loan_loan_id ................................ [RUN]
13:57:15  155 of 276 PASS not_null_fct_loan_customer_id .................................. [PASS in 0.09s]
13:57:15  159 of 276 START test not_null_fct_loan_merchant_sk ............................ [RUN]
13:57:15  157 of 276 PASS not_null_fct_loan_fx_units_per_usd ............................. [PASS in 0.10s]
13:57:15  158 of 276 PASS not_null_fct_loan_loan_id ...................................... [PASS in 0.09s]
13:57:15  156 of 276 PASS not_null_fct_loan_disbursed_date ............................... [PASS in 0.10s]
13:57:15  160 of 276 START test not_null_fct_loan_person_sk .............................. [RUN]
13:57:15  161 of 276 START test not_null_fct_loan_principal_usd .......................... [RUN]
13:57:15  162 of 276 START test relationships_fct_loan_application_id__application_id__ref_fct_application_  [RUN]
13:57:15  159 of 276 PASS not_null_fct_loan_merchant_sk .................................. [PASS in 0.06s]
13:57:15  163 of 276 START test relationships_fct_loan_customer_id__customer_id__ref_stg_customers_  [RUN]
13:57:15  161 of 276 PASS not_null_fct_loan_principal_usd ................................ [PASS in 0.11s]
13:57:15  160 of 276 PASS not_null_fct_loan_person_sk .................................... [PASS in 0.11s]
13:57:15  162 of 276 PASS relationships_fct_loan_application_id__application_id__ref_fct_application_  [PASS in 0.11s]
13:57:15  164 of 276 START test relationships_fct_loan_merchant_sk__merchant_sk__ref_dim_merchant_  [RUN]
13:57:15  165 of 276 START test relationships_fct_loan_person_sk__person_sk__ref_dim_customer_  [RUN]
13:57:15  166 of 276 START test unique_fct_loan_application_id ........................... [RUN]
13:57:15  164 of 276 PASS relationships_fct_loan_merchant_sk__merchant_sk__ref_dim_merchant_  [PASS in 0.07s]
13:57:15  167 of 276 START test unique_fct_loan_loan_id .................................. [RUN]
13:57:15  166 of 276 PASS unique_fct_loan_application_id ................................. [PASS in 0.08s]
13:57:15  168 of 276 START test accepted_values_int_payment_classified_payment_class__EFFECTIVE__REVERSED_OUT__REVERSAL_ROW  [RUN]
13:57:15  165 of 276 PASS relationships_fct_loan_person_sk__person_sk__ref_dim_customer_ . [PASS in 0.14s]
13:57:15  169 of 276 START test dbt_utils_expression_is_true_int_payment_classified__payment_class_REVERSED_OUT_n_reversal_rows_1_  [RUN]
13:57:15  163 of 276 PASS relationships_fct_loan_customer_id__customer_id__ref_stg_customers_  [PASS in 0.26s]
13:57:15  170 of 276 START test dbt_utils_expression_is_true_int_payment_classified_not_loan_missing  [RUN]
13:57:15  167 of 276 PASS unique_fct_loan_loan_id ........................................ [PASS in 0.14s]
13:57:15  171 of 276 START test dbt_utils_expression_is_true_int_payment_classified_payment_class_REVERSED_OUT_or_abs_reversal_amount_total_amount  [RUN]
13:57:15  168 of 276 PASS accepted_values_int_payment_classified_payment_class__EFFECTIVE__REVERSED_OUT__REVERSAL_ROW  [PASS in 0.13s]
13:57:15  172 of 276 START test not_null_int_payment_classified_payment_class ............ [RUN]
13:57:15  169 of 276 PASS dbt_utils_expression_is_true_int_payment_classified__payment_class_REVERSED_OUT_n_reversal_rows_1_  [PASS in 0.11s]
13:57:15  173 of 276 START test not_null_int_payment_classified_payment_id ............... [RUN]
13:57:15  170 of 276 PASS dbt_utils_expression_is_true_int_payment_classified_not_loan_missing  [PASS in 0.10s]
13:57:15  174 of 276 START test unique_int_payment_classified_payment_id ................. [RUN]
13:57:15  171 of 276 PASS dbt_utils_expression_is_true_int_payment_classified_payment_class_REVERSED_OUT_or_abs_reversal_amount_total_amount  [PASS in 0.11s]
13:57:15  172 of 276 PASS not_null_int_payment_classified_payment_class .................. [PASS in 0.09s]
13:57:15  173 of 276 PASS not_null_int_payment_classified_payment_id ..................... [PASS in 0.08s]
13:57:15  174 of 276 PASS unique_int_payment_classified_payment_id ....................... [PASS in 0.06s]
13:57:15  175 of 276 START sql table model silver.fct_payment ............................ [RUN]
13:57:16  175 of 276 OK created sql table model silver.fct_payment ....................... [OK in 0.27s]
13:57:16  177 of 276 START test accepted_values_fct_payment_source_system__legacy_v1__core_v2  [RUN]
13:57:16  179 of 276 START test assert_payment_counts_reconcile .......................... [RUN]
13:57:16  176 of 276 START test accepted_values_fct_payment_currency__COP__BRL ........... [RUN]
13:57:16  178 of 276 START test assert_no_reversed_payment_in_fct_payment ................ [RUN]
13:57:16  177 of 276 PASS accepted_values_fct_payment_source_system__legacy_v1__core_v2 .. [PASS in 0.07s]
13:57:16  180 of 276 START test dbt_utils_accepted_range_fct_payment_amount__False__0 .... [RUN]
13:57:16  176 of 276 PASS accepted_values_fct_payment_currency__COP__BRL ................. [PASS in 0.08s]
13:57:16  181 of 276 START test dbt_utils_expression_is_true_fct_payment_loan_cumulative_paid_amount  [RUN]
13:57:16  180 of 276 PASS dbt_utils_accepted_range_fct_payment_amount__False__0 .......... [PASS in 0.06s]
13:57:16  182 of 276 START test dbt_utils_unique_combination_of_columns_fct_payment_loan_id__loan_payment_seq  [RUN]
13:57:16  181 of 276 PASS dbt_utils_expression_is_true_fct_payment_loan_cumulative_paid_amount  [PASS in 0.08s]
13:57:16  183 of 276 START test not_null_fct_payment_amount .............................. [RUN]
13:57:16  182 of 276 PASS dbt_utils_unique_combination_of_columns_fct_payment_loan_id__loan_payment_seq  [PASS in 0.08s]
13:57:16  184 of 276 START test not_null_fct_payment_amount_usd .......................... [RUN]
13:57:16  183 of 276 PASS not_null_fct_payment_amount .................................... [PASS in 0.08s]
13:57:16  178 of 276 PASS assert_no_reversed_payment_in_fct_payment ...................... [PASS in 0.25s]
13:57:16  185 of 276 START test not_null_fct_payment_loan_id ............................. [RUN]
13:57:16  186 of 276 START test not_null_fct_payment_paid_date ........................... [RUN]
13:57:16  184 of 276 PASS not_null_fct_payment_amount_usd ................................ [PASS in 0.09s]
13:57:16  187 of 276 START test not_null_fct_payment_payment_id .......................... [RUN]
13:57:16  185 of 276 PASS not_null_fct_payment_loan_id ................................... [PASS in 0.08s]
13:57:16  186 of 276 PASS not_null_fct_payment_paid_date ................................. [PASS in 0.08s]
13:57:16  188 of 276 START test relationships_fct_payment_loan_id__loan_id__ref_fct_loan_  [RUN]
13:57:16  189 of 276 START test unique_fct_payment_payment_id ............................ [RUN]
13:57:16  179 of 276 PASS assert_payment_counts_reconcile ................................ [PASS in 0.38s]
13:57:16  187 of 276 PASS not_null_fct_payment_payment_id ................................ [PASS in 0.09s]
13:57:16  188 of 276 PASS relationships_fct_payment_loan_id__loan_id__ref_fct_loan_ ...... [PASS in 0.07s]
13:57:16  189 of 276 PASS unique_fct_payment_payment_id .................................. [PASS in 0.07s]
13:57:16  190 of 276 START sql table model silver.int_payment_allocation ................. [RUN]
13:57:16  190 of 276 OK created sql table model silver.int_payment_allocation ............ [OK in 0.20s]
13:57:16  194 of 276 START test dbt_utils_expression_is_true_int_payment_allocation_allocated_amount_payment_amount_and_allocated_amount_amount_due  [RUN]
13:57:16  193 of 276 START test dbt_utils_accepted_range_int_payment_allocation_allocated_amount__False__0  [RUN]
13:57:16  192 of 276 START test assert_allocation_never_exceeds_payment .................. [RUN]
13:57:16  191 of 276 START test assert_allocation_never_exceeds_installment .............. [RUN]
13:57:16  193 of 276 PASS dbt_utils_accepted_range_int_payment_allocation_allocated_amount__False__0  [PASS in 0.08s]
13:57:16  195 of 276 START test dbt_utils_expression_is_true_int_payment_allocation_cum_paid_start_cum_due_end_and_cum_paid_end_cum_due_start  [RUN]
13:57:16  194 of 276 PASS dbt_utils_expression_is_true_int_payment_allocation_allocated_amount_payment_amount_and_allocated_amount_amount_due  [PASS in 0.13s]
13:57:16  196 of 276 START test dbt_utils_unique_combination_of_columns_int_payment_allocation_payment_id__installment_number  [RUN]
13:57:16  192 of 276 PASS assert_allocation_never_exceeds_payment ........................ [PASS in 0.13s]
13:57:16  197 of 276 START test not_null_int_payment_allocation_allocated_amount ......... [RUN]
13:57:16  195 of 276 PASS dbt_utils_expression_is_true_int_payment_allocation_cum_paid_start_cum_due_end_and_cum_paid_end_cum_due_start  [PASS in 0.11s]
13:57:16  198 of 276 START test relationships_int_payment_allocation_payment_id__payment_id__ref_fct_payment_  [RUN]
13:57:16  191 of 276 PASS assert_allocation_never_exceeds_installment .................... [PASS in 0.22s]
13:57:16  197 of 276 PASS not_null_int_payment_allocation_allocated_amount ............... [PASS in 0.09s]
13:57:16  196 of 276 PASS dbt_utils_unique_combination_of_columns_int_payment_allocation_payment_id__installment_number  [PASS in 0.11s]
13:57:16  198 of 276 PASS relationships_int_payment_allocation_payment_id__payment_id__ref_fct_payment_  [PASS in 0.06s]
13:57:16  199 of 276 START sql table model silver.fct_installment_status ................. [RUN]
13:57:17  199 of 276 OK created sql table model silver.fct_installment_status ............ [OK in 0.44s]
13:57:17  203 of 276 START test dbt_utils_accepted_range_fct_installment_status_days_past_due__0  [RUN]
13:57:17  202 of 276 START test dbt_utils_accepted_range_fct_installment_status_amount_due__False__0  [RUN]
13:57:17  201 of 276 START test assert_installment_paid_reconciles_with_payments ......... [RUN]
13:57:17  200 of 276 START test assert_fifo_no_skipped_installments ...................... [RUN]
13:57:17  203 of 276 PASS dbt_utils_accepted_range_fct_installment_status_days_past_due__0  [PASS in 0.08s]
13:57:17  202 of 276 PASS dbt_utils_accepted_range_fct_installment_status_amount_due__False__0  [PASS in 0.08s]
13:57:17  204 of 276 START test dbt_utils_accepted_range_fct_installment_status_paid_amount__0  [RUN]
13:57:17  205 of 276 START test dbt_utils_accepted_range_fct_installment_status_remaining_amount__0  [RUN]
13:57:17  200 of 276 PASS assert_fifo_no_skipped_installments ............................ [PASS in 0.14s]
13:57:17  201 of 276 PASS assert_installment_paid_reconciles_with_payments ............... [PASS in 0.14s]
13:57:17  206 of 276 START test dbt_utils_expression_is_true_fct_installment_status_is_overdue_due_date_as_of_date_and_not_is_settled_  [RUN]
13:57:17  207 of 276 START test dbt_utils_expression_is_true_fct_installment_status_is_settled_remaining_amount_0_  [RUN]
13:57:17  204 of 276 PASS dbt_utils_accepted_range_fct_installment_status_paid_amount__0 . [PASS in 0.11s]
13:57:17  205 of 276 PASS dbt_utils_accepted_range_fct_installment_status_remaining_amount__0  [PASS in 0.11s]
13:57:17  208 of 276 START test dbt_utils_expression_is_true_fct_installment_status_is_settled_settled_date_is_not_null_  [RUN]
13:57:17  209 of 276 START test dbt_utils_expression_is_true_fct_installment_status_not_is_fpd30_eligible_or_is_first_installment  [RUN]
13:57:17  207 of 276 PASS dbt_utils_expression_is_true_fct_installment_status_is_settled_remaining_amount_0_  [PASS in 0.11s]
13:57:17  210 of 276 START test dbt_utils_expression_is_true_fct_installment_status_not_is_fpd30_or_is_fpd30_eligible  [RUN]
13:57:17  206 of 276 PASS dbt_utils_expression_is_true_fct_installment_status_is_overdue_due_date_as_of_date_and_not_is_settled_  [PASS in 0.13s]
13:57:17  211 of 276 START test dbt_utils_expression_is_true_fct_installment_status_not_is_overdue_or_days_past_due_0  [RUN]
13:57:17  208 of 276 PASS dbt_utils_expression_is_true_fct_installment_status_is_settled_settled_date_is_not_null_  [PASS in 0.12s]
13:57:17  212 of 276 START test dbt_utils_expression_is_true_fct_installment_status_paid_amount_amount_due  [RUN]
13:57:17  209 of 276 PASS dbt_utils_expression_is_true_fct_installment_status_not_is_fpd30_eligible_or_is_first_installment  [PASS in 0.13s]
13:57:17  213 of 276 START test dbt_utils_expression_is_true_fct_installment_status_paid_amount_paid_amount_any  [RUN]
13:57:17  210 of 276 PASS dbt_utils_expression_is_true_fct_installment_status_not_is_fpd30_or_is_fpd30_eligible  [PASS in 0.12s]
13:57:17  214 of 276 START test dbt_utils_expression_is_true_fct_installment_status_settled_date_is_null_or_settled_date_as_of_date  [RUN]
13:57:17  211 of 276 PASS dbt_utils_expression_is_true_fct_installment_status_not_is_overdue_or_days_past_due_0  [PASS in 0.12s]
13:57:17  215 of 276 START test dbt_utils_unique_combination_of_columns_fct_installment_status_loan_id__installment_number  [RUN]
13:57:17  212 of 276 PASS dbt_utils_expression_is_true_fct_installment_status_paid_amount_amount_due  [PASS in 0.12s]
13:57:17  213 of 276 PASS dbt_utils_expression_is_true_fct_installment_status_paid_amount_paid_amount_any  [PASS in 0.11s]
13:57:17  216 of 276 START test not_null_fct_installment_status_as_of_date ............... [RUN]
13:57:17  217 of 276 START test not_null_fct_installment_status_days_past_due ............ [RUN]
13:57:17  214 of 276 PASS dbt_utils_expression_is_true_fct_installment_status_settled_date_is_null_or_settled_date_as_of_date  [PASS in 0.12s]
13:57:17  215 of 276 PASS dbt_utils_unique_combination_of_columns_fct_installment_status_loan_id__installment_number  [PASS in 0.09s]
13:57:17  218 of 276 START test not_null_fct_installment_status_due_date ................. [RUN]
13:57:17  219 of 276 START test not_null_fct_installment_status_installment_sk ........... [RUN]
13:57:17  216 of 276 PASS not_null_fct_installment_status_as_of_date ..................... [PASS in 0.10s]
13:57:17  217 of 276 PASS not_null_fct_installment_status_days_past_due .................. [PASS in 0.09s]
13:57:17  220 of 276 START test not_null_fct_installment_status_loan_id .................. [RUN]
13:57:17  221 of 276 START test not_null_fct_installment_status_paid_amount .............. [RUN]
13:57:17  219 of 276 PASS not_null_fct_installment_status_installment_sk ................. [PASS in 0.09s]
13:57:17  218 of 276 PASS not_null_fct_installment_status_due_date ....................... [PASS in 0.09s]
13:57:17  222 of 276 START test relationships_fct_installment_status_loan_id__loan_id__ref_fct_loan_  [RUN]
13:57:17  223 of 276 START test unique_fct_installment_status_installment_sk ............. [RUN]
13:57:18  220 of 276 PASS not_null_fct_installment_status_loan_id ........................ [PASS in 0.10s]
13:57:18  221 of 276 PASS not_null_fct_installment_status_paid_amount .................... [PASS in 0.09s]
13:57:18  222 of 276 PASS relationships_fct_installment_status_loan_id__loan_id__ref_fct_loan_  [PASS in 0.07s]
13:57:18  223 of 276 PASS unique_fct_installment_status_installment_sk ................... [PASS in 0.07s]
13:57:18  225 of 276 START sql table model silver.int_loan_month_end_status .............. [RUN]
13:57:18  224 of 276 START sql table model gold.dm_loan_delinquency_snapshot ............. [RUN]
13:57:18  224 of 276 OK created sql table model gold.dm_loan_delinquency_snapshot ........ [OK in 0.17s]
13:57:18  227 of 276 START test accepted_values_dm_loan_delinquency_snapshot_loan_status__SETTLED__CURRENT__DELINQUENT  [RUN]
13:57:18  228 of 276 START test assert_snapshot_covers_every_valid_loan .................. [RUN]
13:57:18  226 of 276 START test accepted_values_dm_loan_delinquency_snapshot_dpd_bucket__0__1_30__31_60__61_90__90_  [RUN]
13:57:18  227 of 276 PASS accepted_values_dm_loan_delinquency_snapshot_loan_status__SETTLED__CURRENT__DELINQUENT  [PASS in 0.07s]
13:57:18  226 of 276 PASS accepted_values_dm_loan_delinquency_snapshot_dpd_bucket__0__1_30__31_60__61_90__90_  [PASS in 0.07s]
13:57:18  229 of 276 START test assert_snapshot_dpd_matches_installments ................. [RUN]
13:57:18  230 of 276 START test dbt_utils_accepted_range_dm_loan_delinquency_snapshot_dpd__0  [RUN]
13:57:18  228 of 276 PASS assert_snapshot_covers_every_valid_loan ........................ [PASS in 0.09s]
13:57:18  231 of 276 START test dbt_utils_accepted_range_dm_loan_delinquency_snapshot_outstanding_local__0  [RUN]
13:57:18  230 of 276 PASS dbt_utils_accepted_range_dm_loan_delinquency_snapshot_dpd__0 ... [PASS in 0.08s]
13:57:18  232 of 276 START test dbt_utils_accepted_range_dm_loan_delinquency_snapshot_outstanding_usd__0  [RUN]
13:57:18  229 of 276 PASS assert_snapshot_dpd_matches_installments ....................... [PASS in 0.12s]
13:57:18  231 of 276 PASS dbt_utils_accepted_range_dm_loan_delinquency_snapshot_outstanding_local__0  [PASS in 0.08s]
13:57:18  233 of 276 START test dbt_utils_expression_is_true_dm_loan_delinquency_snapshot__dpd_0_n_overdue_0_  [RUN]
13:57:18  234 of 276 START test dbt_utils_expression_is_true_dm_loan_delinquency_snapshot__loan_status_DELINQUENT_dpd_0_  [RUN]
13:57:18  232 of 276 PASS dbt_utils_accepted_range_dm_loan_delinquency_snapshot_outstanding_usd__0  [PASS in 0.08s]
13:57:18  235 of 276 START test dbt_utils_expression_is_true_dm_loan_delinquency_snapshot__loan_status_SETTLED_outstanding_local_0_  [RUN]
13:57:18  233 of 276 PASS dbt_utils_expression_is_true_dm_loan_delinquency_snapshot__dpd_0_n_overdue_0_  [PASS in 0.09s]
13:57:18  234 of 276 PASS dbt_utils_expression_is_true_dm_loan_delinquency_snapshot__loan_status_DELINQUENT_dpd_0_  [PASS in 0.09s]
13:57:18  236 of 276 START test dbt_utils_expression_is_true_dm_loan_delinquency_snapshot_abs_outstanding_net_of_partial_local_paid_amount_total_amount_due_0_01  [RUN]
13:57:18  237 of 276 START test dbt_utils_expression_is_true_dm_loan_delinquency_snapshot_dpd_bucket_case_when_dpd_0_then_0_when_dpd_30_then_1_30_when_dpd_60_then_31_60_when_dpd_90_then_61_90_else_90_end_  [RUN]
13:57:18  235 of 276 PASS dbt_utils_expression_is_true_dm_loan_delinquency_snapshot__loan_status_SETTLED_outstanding_local_0_  [PASS in 0.08s]
13:57:18  238 of 276 START test dbt_utils_expression_is_true_dm_loan_delinquency_snapshot_is_par30_dpd_30_  [RUN]
13:57:18  225 of 276 OK created sql table model silver.int_loan_month_end_status ......... [OK in 0.69s]
13:57:18  239 of 276 START test dbt_utils_expression_is_true_dm_loan_delinquency_snapshot_n_settled_n_partial_n_unpaid_n_installments_and_n_installments_term_months  [RUN]
13:57:18  238 of 276 PASS dbt_utils_expression_is_true_dm_loan_delinquency_snapshot_is_par30_dpd_30_  [PASS in 0.22s]
13:57:18  237 of 276 PASS dbt_utils_expression_is_true_dm_loan_delinquency_snapshot_dpd_bucket_case_when_dpd_0_then_0_when_dpd_30_then_1_30_when_dpd_60_then_31_60_when_dpd_90_then_61_90_else_90_end_  [PASS in 0.26s]
13:57:18  236 of 276 PASS dbt_utils_expression_is_true_dm_loan_delinquency_snapshot_abs_outstanding_net_of_partial_local_paid_amount_total_amount_due_0_01  [PASS in 0.27s]
13:57:18  240 of 276 START test dbt_utils_expression_is_true_dm_loan_delinquency_snapshot_outstanding_net_of_partial_local_outstanding_local_and_overdue_amount_local_outstanding_local  [RUN]
13:57:18  241 of 276 START test not_null_dm_loan_delinquency_snapshot_as_of_date ......... [RUN]
13:57:18  242 of 276 START test not_null_dm_loan_delinquency_snapshot_dpd ................ [RUN]
13:57:18  239 of 276 PASS dbt_utils_expression_is_true_dm_loan_delinquency_snapshot_n_settled_n_partial_n_unpaid_n_installments_and_n_installments_term_months  [PASS in 0.10s]
13:57:18  243 of 276 START test not_null_dm_loan_delinquency_snapshot_fx_units_per_usd_at_snapshot  [RUN]
13:57:18  241 of 276 PASS not_null_dm_loan_delinquency_snapshot_as_of_date ............... [PASS in 0.09s]
13:57:18  244 of 276 START test not_null_dm_loan_delinquency_snapshot_loan_id ............ [RUN]
13:57:18  242 of 276 PASS not_null_dm_loan_delinquency_snapshot_dpd ...................... [PASS in 0.10s]
13:57:18  240 of 276 PASS dbt_utils_expression_is_true_dm_loan_delinquency_snapshot_outstanding_net_of_partial_local_outstanding_local_and_overdue_amount_local_outstanding_local  [PASS in 0.11s]
13:57:18  245 of 276 START test not_null_dm_loan_delinquency_snapshot_outstanding_usd .... [RUN]
13:57:18  246 of 276 START test relationships_dm_loan_delinquency_snapshot_loan_id__loan_id__ref_fct_loan_  [RUN]
13:57:18  243 of 276 PASS not_null_dm_loan_delinquency_snapshot_fx_units_per_usd_at_snapshot  [PASS in 0.10s]
13:57:18  247 of 276 START test unique_dm_loan_delinquency_snapshot_loan_id .............. [RUN]
13:57:19  244 of 276 PASS not_null_dm_loan_delinquency_snapshot_loan_id .................. [PASS in 0.10s]
13:57:19  248 of 276 START test assert_month_end_series_matches_snapshot ................. [RUN]
13:57:19  245 of 276 PASS not_null_dm_loan_delinquency_snapshot_outstanding_usd .......... [PASS in 0.08s]
13:57:19  246 of 276 PASS relationships_dm_loan_delinquency_snapshot_loan_id__loan_id__ref_fct_loan_  [PASS in 0.08s]
13:57:19  249 of 276 START test dbt_utils_accepted_range_int_loan_month_end_status_dpd__0  [RUN]
13:57:19  250 of 276 START test dbt_utils_accepted_range_int_loan_month_end_status_outstanding_local__0  [RUN]
13:57:19  247 of 276 PASS unique_dm_loan_delinquency_snapshot_loan_id .................... [PASS in 0.09s]
13:57:19  251 of 276 START test dbt_utils_expression_is_true_int_loan_month_end_status__dpd_0_n_overdue_0_and_is_par30_dpd_30_  [RUN]
13:57:19  249 of 276 PASS dbt_utils_accepted_range_int_loan_month_end_status_dpd__0 ...... [PASS in 0.09s]
13:57:19  250 of 276 PASS dbt_utils_accepted_range_int_loan_month_end_status_outstanding_local__0  [PASS in 0.09s]
13:57:19  248 of 276 PASS assert_month_end_series_matches_snapshot ....................... [PASS in 0.10s]
13:57:19  252 of 276 START test dbt_utils_expression_is_true_int_loan_month_end_status_month_end_disbursed_date  [RUN]
13:57:19  253 of 276 START test dbt_utils_unique_combination_of_columns_int_loan_month_end_status_loan_id__month_end  [RUN]
13:57:19  254 of 276 START test not_null_int_loan_month_end_status_loan_id ............... [RUN]
13:57:19  251 of 276 PASS dbt_utils_expression_is_true_int_loan_month_end_status__dpd_0_n_overdue_0_and_is_par30_dpd_30_  [PASS in 0.10s]
13:57:19  255 of 276 START test not_null_int_loan_month_end_status_outstanding_usd ....... [RUN]
13:57:19  254 of 276 PASS not_null_int_loan_month_end_status_loan_id ..................... [PASS in 0.08s]
13:57:19  252 of 276 PASS dbt_utils_expression_is_true_int_loan_month_end_status_month_end_disbursed_date  [PASS in 0.09s]
13:57:19  256 of 276 START test relationships_int_loan_month_end_status_loan_id__loan_id__ref_fct_loan_  [RUN]
13:57:19  253 of 276 PASS dbt_utils_unique_combination_of_columns_int_loan_month_end_status_loan_id__month_end  [PASS in 0.10s]
13:57:19  255 of 276 PASS not_null_int_loan_month_end_status_outstanding_usd ............. [PASS in 0.07s]
13:57:19  256 of 276 PASS relationships_int_loan_month_end_status_loan_id__loan_id__ref_fct_loan_  [PASS in 0.04s]
13:57:19  257 of 276 START sql table model gold.agg_merchant_monthly ..................... [RUN]
13:57:19  257 of 276 OK created sql table model gold.agg_merchant_monthly ................ [OK in 0.10s]
13:57:19  261 of 276 START test assert_agg_merchant_monthly_reconciles ................... [RUN]
13:57:19  260 of 276 START test accepted_values_agg_merchant_monthly_merchant_category__HOME__HEALTH__FASHION__ELECTRONICS__MOTORCYCLES__EDUCATION__TRAVEL__UNKNOWN  [RUN]
13:57:19  259 of 276 NO-OP exposure risk_delinquency_review .............................. [NO-OP in 0.00s]
13:57:19  258 of 276 NO-OP exposure merchant_performance_report .......................... [NO-OP in 0.00s]
13:57:19  262 of 276 START test dbt_utils_accepted_range_agg_merchant_monthly_approval_rate__1__0  [RUN]
13:57:19  263 of 276 START test dbt_utils_accepted_range_agg_merchant_monthly_fpd30_rate__1__0  [RUN]
13:57:19  263 of 276 PASS dbt_utils_accepted_range_agg_merchant_monthly_fpd30_rate__1__0 . [PASS in 0.06s]
13:57:19  260 of 276 PASS accepted_values_agg_merchant_monthly_merchant_category__HOME__HEALTH__FASHION__ELECTRONICS__MOTORCYCLES__EDUCATION__TRAVEL__UNKNOWN  [PASS in 0.09s]
13:57:19  264 of 276 START test dbt_utils_accepted_range_agg_merchant_monthly_gmv_usd__0 . [RUN]
13:57:19  265 of 276 START test dbt_utils_accepted_range_agg_merchant_monthly_par30_rate__1__0  [RUN]
13:57:19  261 of 276 PASS assert_agg_merchant_monthly_reconciles ......................... [PASS in 0.10s]
13:57:19  262 of 276 PASS dbt_utils_accepted_range_agg_merchant_monthly_approval_rate__1__0  [PASS in 0.08s]
13:57:19  266 of 276 START test dbt_utils_expression_is_true_agg_merchant_monthly__disbursed_loans_0_gmv_usd_0_  [RUN]
13:57:19  267 of 276 START test dbt_utils_expression_is_true_agg_merchant_monthly_applications_approved_applications  [RUN]
13:57:19  264 of 276 PASS dbt_utils_accepted_range_agg_merchant_monthly_gmv_usd__0 ....... [PASS in 0.08s]
13:57:19  265 of 276 PASS dbt_utils_accepted_range_agg_merchant_monthly_par30_rate__1__0 . [PASS in 0.09s]
13:57:19  268 of 276 START test dbt_utils_expression_is_true_agg_merchant_monthly_fpd30_loans_fpd30_eligible_loans_and_fpd30_eligible_loans_disbursed_loans  [RUN]
13:57:19  269 of 276 START test dbt_utils_expression_is_true_agg_merchant_monthly_loans_par30_month_end_loans_with_balance_month_end  [RUN]
13:57:19  266 of 276 PASS dbt_utils_expression_is_true_agg_merchant_monthly__disbursed_loans_0_gmv_usd_0_  [PASS in 0.08s]
13:57:19  267 of 276 PASS dbt_utils_expression_is_true_agg_merchant_monthly_applications_approved_applications  [PASS in 0.08s]
13:57:19  270 of 276 START test dbt_utils_expression_is_true_agg_merchant_monthly_par30_usd_month_end_outstanding_usd_month_end_0_000001  [RUN]
13:57:19  271 of 276 START test dbt_utils_unique_combination_of_columns_agg_merchant_monthly_merchant_id__month  [RUN]
13:57:19  268 of 276 PASS dbt_utils_expression_is_true_agg_merchant_monthly_fpd30_loans_fpd30_eligible_loans_and_fpd30_eligible_loans_disbursed_loans  [PASS in 0.08s]
13:57:19  269 of 276 PASS dbt_utils_expression_is_true_agg_merchant_monthly_loans_par30_month_end_loans_with_balance_month_end  [PASS in 0.08s]
13:57:19  272 of 276 START test not_null_agg_merchant_monthly_merchant_category .......... [RUN]
13:57:19  273 of 276 START test not_null_agg_merchant_monthly_merchant_id ................ [RUN]
13:57:19  270 of 276 PASS dbt_utils_expression_is_true_agg_merchant_monthly_par30_usd_month_end_outstanding_usd_month_end_0_000001  [PASS in 0.07s]
13:57:19  271 of 276 PASS dbt_utils_unique_combination_of_columns_agg_merchant_monthly_merchant_id__month  [PASS in 0.08s]
13:57:19  274 of 276 START test not_null_agg_merchant_monthly_merchant_sk ................ [RUN]
13:57:19  275 of 276 START test relationships_agg_merchant_monthly_merchant_id__merchant_id__ref_dim_merchant_  [RUN]
13:57:19  273 of 276 PASS not_null_agg_merchant_monthly_merchant_id ...................... [PASS in 0.08s]
13:57:19  274 of 276 PASS not_null_agg_merchant_monthly_merchant_sk ...................... [PASS in 0.07s]
13:57:19  275 of 276 PASS relationships_agg_merchant_monthly_merchant_id__merchant_id__ref_dim_merchant_  [PASS in 0.07s]
13:57:19  276 of 276 START test relationships_agg_merchant_monthly_merchant_sk__merchant_sk__ref_dim_merchant_  [RUN]
13:57:19  272 of 276 PASS not_null_agg_merchant_monthly_merchant_category ................ [PASS in 0.09s]
13:57:19  276 of 276 PASS relationships_agg_merchant_monthly_merchant_sk__merchant_sk__ref_dim_merchant_  [PASS in 0.03s]
13:57:19  
13:57:19  Finished running 2 exposures, 1 seed, 15 table models, 244 data tests, 14 view models in 0 hours 0 minutes and 10.77 seconds (10.77s).
13:57:19  
13:57:19  Completed with 1 warning:
13:57:19  
13:57:19  [WARNING]: in test dbt_utils_expression_is_true_fct_application_not_is_valid_or_customer_id_is_not_null (models\silver\core\core.yml)
13:57:19  [WARNING]: Got 3 results, configured to warn if != 0
13:57:19  
13:57:19    compiled code at target\compiled\lumo_lending\models\silver\core\core.yml\dbt_utils_expression_is_true_f_dd9d67d0f616e59457601a13550814d5.sql
13:57:19  
13:57:19    See test failures:
  -------------------------------------------------------------------------------------------------
  select * from "lumo"."dq_audit"."dbt_utils_expression_is_true_f_dd9d67d0f616e59457601a13550814d5"
  -------------------------------------------------------------------------------------------------
13:57:19  
13:57:19  Done. PASS=273 WARN=1 ERROR=0 SKIP=0 NO-OP=2 REUSED=0 TOTAL=276
